  console.log
    [StorageManager] Initializing production storage architecture...

      at StorageManager.initialize (backend/src/storage/storageManager.js:42:21)

  console.log
    [VectorStore] Connected to LanceDB at: C:\Users\surya\AppData\Local\Temp\cortex-test-1772473934225\vectors

      at initializeVectorStore (backend/src/storage/vectorStore.js:37:17)

  console.log
    [VectorStore] Creating new collection: embeddings_bge-small-v1

      at getOrCreateCollection (backend/src/storage/vectorStore.js:65:17)

  console.log
    [VectorStore] Active collection: embeddings_bge-small-v1

      at initializeVectorStore (backend/src/storage/vectorStore.js:41:17)

  console.log
    [StorageManager] Γ£ô Storage initialized

      at StorageManager.initialize (backend/src/storage/storageManager.js:60:21)

  console.log
    [StorageManager]   Device: device_ASUS_TUF_F15_win32

      at StorageManager.initialize (backend/src/storage/storageManager.js:61:21)

  console.log
    [StorageManager]   Embedding: bge-small-v1 (384D)

      at StorageManager.initialize (backend/src/storage/storageManager.js:62:21)

  console.log
    [Database] Migrating from v0 to v2...

      at runMigrations (backend/src/storage/dbInit.js:64:13)

  console.log
    [Database] Migration to v2 complete.

      at runMigrations (backend/src/storage/dbInit.js:204:13)

  console.log
    [Database] Initialized (schema v2)

      at initializeDatabase (backend/src/storage/dbInit.js:56:13)

  console.log
    [AIManager] Initializing AI systems...

      at AIManager.initialize (backend/src/ai/runtime/aiManager.js:44:17)

  console.log
    [HardwareDetector] Scanning available execution providers...

      at HardwareDetector.detect (backend/src/ai/runtime/hardwareDetector.js:23:17)

  console.log
    [HardwareDetector] Available providers: [ 'cpu' ]

      at HardwareDetector.detect (backend/src/ai/runtime/hardwareDetector.js:44:17)

  console.log
    [HardwareDetector] Detection complete: {
      provider: 'cpu',
      deviceName: '12th Gen Intel(R) Core(TM) i7-12700H (20 cores)',
      supportsFP16: false,
      supportsDirectML: false,
      supportsGPU: false,
      availableProviders: [ 'cpu' ],
      system: {
        platform: 'win32',
        arch: 'x64',
        cpus: 20,
        totalMemoryGB: 15.64,
        freeMemoryGB: 4.96
      }
    }

      at HardwareDetector.detect (backend/src/ai/runtime/hardwareDetector.js:91:17)

  console.log
    [AIManager] Hardware detection complete

      at AIManager.initialize (backend/src/ai/runtime/aiManager.js:48:17)

  console.log
    [BGERunner] Initializing BGE embedding model...

      at BGERunner.initialize (backend/src/ai/embeddings/bgeRunner.js:39:17)

  console.log
    [Tokenizer] Loading tokenizer from: C:\Users\surya\OneDrive\Desktop\Cortex\models\bge-small-en-v1.5\tokenizer.json

      at loadTokenizer (backend/src/ai/shared/tokenizer.js:125:17)

  console.log
    [BGERunner] Model size: 126.93 MB

      at BGERunner.initialize (backend/src/ai/embeddings/bgeRunner.js:54:17)

  console.log
    [SessionRegistry] Loading new session: bge-small-en-v1.5

      at SessionRegistry.getSession (backend/src/ai/runtime/sessionRegistry.js:46:17)

  console.log
    [SessionRegistry] Creating session with providers: dml, cpu

      at SessionRegistry._loadSession (backend/src/ai/runtime/sessionRegistry.js:77:17)

node.exe : [0;93m2026-03-02 23:22:14.7709863 [W:onnxruntime:, session_state.cc:1327 
onnxruntime::VerifyEachNodeIsAssignedToAnEp] Some nodes were not assigned to the preferred execution providers which 
may or may not have an negative impact on performance. e.g. ORT explicitly assigns shape related ops to CPU to improve 
perf.[m
At line:1 char:1
+ & "C:\Program Files\nodejs/node.exe" "C:\Program Files\nodejs/node_mo ...
+ ~~~~~~~~~~~~~~~~~~~~~~~~~~~~~~~~~~~~~~~~~~~~~~~~~~~~~~~~~~~~~~~~~~~~~
    + CategoryInfo          : NotSpecified: ([0;93m2026-03-...mprove perf.[m:String) [], RemoteException
    + FullyQualifiedErrorId : NativeCommandError
 
[0;93m2026-03-02 23:22:14.7858632 [W:onnxruntime:, session_state.cc:1329 onnxruntime::VerifyEachNodeIsAssignedToAnEp] 
Rerunning with verbose output on a non-minimal build will show node assignments.[m
  console.log
    [SessionRegistry] Session loaded successfully in 598ms

      at SessionRegistry._loadSession (backend/src/ai/runtime/sessionRegistry.js:103:21)

  console.log
    [SessionRegistry] Active provider: cpu

      at SessionRegistry._loadSession (backend/src/ai/runtime/sessionRegistry.js:104:21)

  console.log
    [BGERunner] Initialized successfully using cpu

      at BGERunner.initialize (backend/src/ai/embeddings/bgeRunner.js:72:17)

  console.log
    [AIManager] Embeddings engine ready.

      at AIManager.initialize (backend/src/ai/runtime/aiManager.js:54:21)

  console.log
    [Indexer] Extracted 1 chunks from: dummy

      at indexDocument (backend/src/storage/indexer.js:67:17)

  console.log
    [VectorStore] Inserted 1 vectors in 1 batches

      at VectorStore.insertVectorsBatch (backend/src/storage/vectorStore.js:157:17)

  console.log
    [Indexer] Γ£ô Indexed document "dummy" (1 chunks) in 16ms

      at indexDocument (backend/src/storage/indexer.js:125:17)

  console.error
    [Cortex] Search error: ModuleNotFoundError: Cannot find module './ai/runtime/aiManager' from 'backend/src/ai/rag/ragPipeline.js'
    
    Require stack:
      backend/src/ai/rag/ragPipeline.js
      backend/src/core/routes.js
      backend/tests/integration/ragPipeline.test.js
    
        at Resolver._throwModNotFoundError (C:\Users\surya\OneDrive\Desktop\Cortex\node_modules\jest-resolve\build\index.js:863:11)
        at Resolver.resolveModule (C:\Users\surya\OneDrive\Desktop\Cortex\node_modules\jest-resolve\build\index.js:810:10)
        at Resolver._getVirtualMockPath (C:\Users\surya\OneDrive\Desktop\Cortex\node_modules\jest-resolve\build\index.js:1004:84)
        at Resolver._getAbsolutePath (C:\Users\surya\OneDrive\Desktop\Cortex\node_modules\jest-resolve\build\index.js:984:98)
        at Resolver.getModuleID (C:\Users\surya\OneDrive\Desktop\Cortex\node_modules\jest-resolve\build\index.js:949:31)
        at Runtime._shouldMockCjs (C:\Users\surya\OneDrive\Desktop\Cortex\node_modules\jest-runtime\build\index.js:1486:37)
        at Runtime.requireModuleOrMock (C:\Users\surya\OneDrive\Desktop\Cortex\node_modules\jest-runtime\build\index.js:961:16)
        at Object.<anonymous> (C:\Users\surya\OneDrive\Desktop\Cortex\backend\src\ai\rag\ragPipeline.js:1:23)
        at Runtime._execModule (C:\Users\surya\OneDrive\Desktop\Cortex\node_modules\jest-runtime\build\index.js:1268:24)
        at Runtime._loadModule (C:\Users\surya\OneDrive\Desktop\Cortex\node_modules\jest-runtime\build\index.js:944:12)
        at Runtime.requireModule (C:\Users\surya\OneDrive\Desktop\Cortex\node_modules\jest-runtime\build\index.js:832:12)
        at Runtime.requireModuleOrMock (C:\Users\surya\OneDrive\Desktop\Cortex\node_modules\jest-runtime\build\index.js:964:21)
        at C:\Users\surya\OneDrive\Desktop\Cortex\backend\src\core\routes.js:129:35
        at Layer.handleRequest (C:\Users\surya\OneDrive\Desktop\Cortex\node_modules\router\lib\layer.js:152:17)
        at next (C:\Users\surya\OneDrive\Desktop\Cortex\node_modules\router\lib\route.js:157:13)
        at Route.dispatch (C:\Users\surya\OneDrive\Desktop\Cortex\node_modules\router\lib\route.js:117:3)
        at handle (C:\Users\surya\OneDrive\Desktop\Cortex\node_modules\router\index.js:435:11)
        at Layer.handleRequest (C:\Users\surya\OneDrive\Desktop\Cortex\node_modules\router\lib\layer.js:152:17)
        at C:\Users\surya\OneDrive\Desktop\Cortex\node_modules\router\index.js:295:15
        at processParams (C:\Users\surya\OneDrive\Desktop\Cortex\node_modules\router\index.js:582:12)
        at next (C:\Users\surya\OneDrive\Desktop\Cortex\node_modules\router\index.js:291:5)
        at authMiddleware (C:\Users\surya\OneDrive\Desktop\Cortex\backend\tests\integration\ragPipeline.test.js:13:13)
        at Layer.handleRequest (C:\Users\surya\OneDrive\Desktop\Cortex\node_modules\router\lib\layer.js:152:17)
        at trimPrefix (C:\Users\surya\OneDrive\Desktop\Cortex\node_modules\router\index.js:342:13)
        at C:\Users\surya\OneDrive\Desktop\Cortex\node_modules\router\index.js:297:9
        at processParams (C:\Users\surya\OneDrive\Desktop\Cortex\node_modules\router\index.js:582:12)
        at next (C:\Users\surya\OneDrive\Desktop\Cortex\node_modules\router\index.js:291:5)
        at serveStatic (C:\Users\surya\OneDrive\Desktop\Cortex\node_modules\serve-static\index.js:74:16)
        at Layer.handleRequest (C:\Users\surya\OneDrive\Desktop\Cortex\node_modules\router\lib\layer.js:152:17)
        at trimPrefix (C:\Users\surya\OneDrive\Desktop\Cortex\node_modules\router\index.js:342:13)
        at C:\Users\surya\OneDrive\Desktop\Cortex\node_modules\router\index.js:297:9
        at processParams (C:\Users\surya\OneDrive\Desktop\Cortex\node_modules\router\index.js:582:12)
        at next (C:\Users\surya\OneDrive\Desktop\Cortex\node_modules\router\index.js:291:5)
        at C:\Users\surya\OneDrive\Desktop\Cortex\node_modules\body-parser\lib\read.js:171:5
        at AsyncResource.runInAsyncScope (node:async_hooks:214:14)
        at invokeCallback (C:\Users\surya\OneDrive\Desktop\Cortex\node_modules\raw-body\index.js:238:16)
        at done (C:\Users\surya\OneDrive\Desktop\Cortex\node_modules\raw-body\index.js:227:7)
        at IncomingMessage.onEnd (C:\Users\surya\OneDrive\Desktop\Cortex\node_modules\raw-body\index.js:287:7)
        at IncomingMessage.emit (node:events:508:28)
        at endReadableNT (node:internal/streams/readable:1701:12)
        at processTicksAndRejections (node:internal/process/task_queues:89:21) {
      code: 'MODULE_NOT_FOUND',
      hint: '',
      requireStack: [
        'C:\\Users\\surya\\OneDrive\\Desktop\\Cortex\\backend\\src\\ai\\rag\\ragPipeline.js',
        'C:\\Users\\surya\\OneDrive\\Desktop\\Cortex\\backend\\src\\core\\routes.js',
        'C:\\Users\\surya\\OneDrive\\Desktop\\Cortex\\backend\\tests\\integration\\ragPipeline.test.js'
      ],
      siblingWithSimilarExtensionFound: false,
      moduleName: './ai/runtime/aiManager',
      _originalMessage: "Cannot find module './ai/runtime/aiManager' from 'backend/src/ai/rag/ragPipeline.js'"
    }

    [0m [90m 141 |[39m             }
     [90m 142 |[39m         } [36mcatch[39m (error) {
    [31m[1m>[22m[39m[90m 143 |[39m             console[33m.[39merror([32m'[Cortex] Search error:'[39m[33m,[39m error)[33m;[39m
     [90m     |[39m                     [31m[1m^[22m[39m
     [90m 144 |[39m             res[33m.[39mstatus([35m500[39m)[33m.[39mjson({ error[33m:[39m error[33m.[39mmessage })[33m;[39m
     [90m 145 |[39m         }
     [90m 146 |[39m     })[33m;[39m[0m

      at backend/src/core/routes.js:143:21
      at Layer.handleRequest (node_modules/router/lib/layer.js:152:17)
      at next (node_modules/router/lib/route.js:157:13)
      at Route.dispatch (node_modules/router/lib/route.js:117:3)
      at handle (node_modules/router/index.js:435:11)
      at Layer.handleRequest (node_modules/router/lib/layer.js:152:17)
      at node_modules/router/index.js:295:15
      at processParams (node_modules/router/index.js:582:12)
      at next (node_modules/router/index.js:291:5)
      at authMiddleware (backend/tests/integration/ragPipeline.test.js:13:13)
      at Layer.handleRequest (node_modules/router/lib/layer.js:152:17)
      at trimPrefix (node_modules/router/index.js:342:13)
      at node_modules/router/index.js:297:9
      at processParams (node_modules/router/index.js:582:12)
      at next (node_modules/router/index.js:291:5)
      at serveStatic (node_modules/serve-static/index.js:74:16)
      at Layer.handleRequest (node_modules/router/lib/layer.js:152:17)
      at trimPrefix (node_modules/router/index.js:342:13)
      at node_modules/router/index.js:297:9
      at processParams (node_modules/router/index.js:582:12)
      at next (node_modules/router/index.js:291:5)
      at node_modules/body-parser/lib/read.js:171:5
      at invokeCallback (node_modules/raw-body/index.js:238:16)
      at done (node_modules/raw-body/index.js:227:7)
      at IncomingMessage.onEnd (node_modules/raw-body/index.js:287:7)

  console.log
    Search Response Body: {
      error: "Cannot find module './ai/runtime/aiManager' from 'backend/src/ai/rag/ragPipeline.js'\n" +
        '\n' +
        'Require stack:\n' +
        '  backend/src/ai/rag/ragPipeline.js\n' +
        '  backend/src/core/routes.js\n' +
        '  backend/tests/integration/ragPipeline.test.js\n'
    }

      at Object.<anonymous> (backend/tests/integration/ragPipeline.test.js:78:17)

  console.error
    [Cortex] Search error: ModuleNotFoundError: Cannot find module './ai/runtime/aiManager' from 'backend/src/ai/rag/ragPipeline.js'
    
    Require stack:
      backend/src/ai/rag/ragPipeline.js
      backend/src/core/routes.js
      backend/tests/integration/ragPipeline.test.js
    
        at Resolver._throwModNotFoundError (C:\Users\surya\OneDrive\Desktop\Cortex\node_modules\jest-resolve\build\index.js:863:11)
        at Resolver.resolveModule (C:\Users\surya\OneDrive\Desktop\Cortex\node_modules\jest-resolve\build\index.js:810:10)
        at Resolver._getVirtualMockPath (C:\Users\surya\OneDrive\Desktop\Cortex\node_modules\jest-resolve\build\index.js:1004:84)
        at Resolver._getAbsolutePath (C:\Users\surya\OneDrive\Desktop\Cortex\node_modules\jest-resolve\build\index.js:984:98)
        at Resolver.getModuleID (C:\Users\surya\OneDrive\Desktop\Cortex\node_modules\jest-resolve\build\index.js:949:31)
        at Runtime._shouldMockCjs (C:\Users\surya\OneDrive\Desktop\Cortex\node_modules\jest-runtime\build\index.js:1486:37)
        at Runtime.requireModuleOrMock (C:\Users\surya\OneDrive\Desktop\Cortex\node_modules\jest-runtime\build\index.js:961:16)
        at Object.<anonymous> (C:\Users\surya\OneDrive\Desktop\Cortex\backend\src\ai\rag\ragPipeline.js:1:23)
        at Runtime._execModule (C:\Users\surya\OneDrive\Desktop\Cortex\node_modules\jest-runtime\build\index.js:1268:24)
        at Runtime._loadModule (C:\Users\surya\OneDrive\Desktop\Cortex\node_modules\jest-runtime\build\index.js:944:12)
        at Runtime.requireModule (C:\Users\surya\OneDrive\Desktop\Cortex\node_modules\jest-runtime\build\index.js:832:12)
        at Runtime.requireModuleOrMock (C:\Users\surya\OneDrive\Desktop\Cortex\node_modules\jest-runtime\build\index.js:964:21)
        at C:\Users\surya\OneDrive\Desktop\Cortex\backend\src\core\routes.js:129:35
        at Layer.handleRequest (C:\Users\surya\OneDrive\Desktop\Cortex\node_modules\router\lib\layer.js:152:17)
        at next (C:\Users\surya\OneDrive\Desktop\Cortex\node_modules\router\lib\route.js:157:13)
        at Route.dispatch (C:\Users\surya\OneDrive\Desktop\Cortex\node_modules\router\lib\route.js:117:3)
        at handle (C:\Users\surya\OneDrive\Desktop\Cortex\node_modules\router\index.js:435:11)
        at Layer.handleRequest (C:\Users\surya\OneDrive\Desktop\Cortex\node_modules\router\lib\layer.js:152:17)
        at C:\Users\surya\OneDrive\Desktop\Cortex\node_modules\router\index.js:295:15
        at processParams (C:\Users\surya\OneDrive\Desktop\Cortex\node_modules\router\index.js:582:12)
        at next (C:\Users\surya\OneDrive\Desktop\Cortex\node_modules\router\index.js:291:5)
        at authMiddleware (C:\Users\surya\OneDrive\Desktop\Cortex\backend\tests\integration\ragPipeline.test.js:13:13)
        at Layer.handleRequest (C:\Users\surya\OneDrive\Desktop\Cortex\node_modules\router\lib\layer.js:152:17)
        at trimPrefix (C:\Users\surya\OneDrive\Desktop\Cortex\node_modules\router\index.js:342:13)
        at C:\Users\surya\OneDrive\Desktop\Cortex\node_modules\router\index.js:297:9
        at processParams (C:\Users\surya\OneDrive\Desktop\Cortex\node_modules\router\index.js:582:12)
        at next (C:\Users\surya\OneDrive\Desktop\Cortex\node_modules\router\index.js:291:5)
        at serveStatic (C:\Users\surya\OneDrive\Desktop\Cortex\node_modules\serve-static\index.js:74:16)
        at Layer.handleRequest (C:\Users\surya\OneDrive\Desktop\Cortex\node_modules\router\lib\layer.js:152:17)
        at trimPrefix (C:\Users\surya\OneDrive\Desktop\Cortex\node_modules\router\index.js:342:13)
        at C:\Users\surya\OneDrive\Desktop\Cortex\node_modules\router\index.js:297:9
        at processParams (C:\Users\surya\OneDrive\Desktop\Cortex\node_modules\router\index.js:582:12)
        at next (C:\Users\surya\OneDrive\Desktop\Cortex\node_modules\router\index.js:291:5)
        at C:\Users\surya\OneDrive\Desktop\Cortex\node_modules\body-parser\lib\read.js:171:5
        at AsyncResource.runInAsyncScope (node:async_hooks:214:14)
        at invokeCallback (C:\Users\surya\OneDrive\Desktop\Cortex\node_modules\raw-body\index.js:238:16)
        at done (C:\Users\surya\OneDrive\Desktop\Cortex\node_modules\raw-body\index.js:227:7)
        at IncomingMessage.onEnd (C:\Users\surya\OneDrive\Desktop\Cortex\node_modules\raw-body\index.js:287:7)
        at IncomingMessage.emit (node:events:508:28)
        at endReadableNT (node:internal/streams/readable:1701:12)
        at processTicksAndRejections (node:internal/process/task_queues:89:21) {
      code: 'MODULE_NOT_FOUND',
      hint: '',
      requireStack: [
        'C:\\Users\\surya\\OneDrive\\Desktop\\Cortex\\backend\\src\\ai\\rag\\ragPipeline.js',
        'C:\\Users\\surya\\OneDrive\\Desktop\\Cortex\\backend\\src\\core\\routes.js',
        'C:\\Users\\surya\\OneDrive\\Desktop\\Cortex\\backend\\tests\\integration\\ragPipeline.test.js'
      ],
      siblingWithSimilarExtensionFound: false,
      moduleName: './ai/runtime/aiManager',
      _originalMessage: "Cannot find module './ai/runtime/aiManager' from 'backend/src/ai/rag/ragPipeline.js'"
    }

    [0m [90m 141 |[39m             }
     [90m 142 |[39m         } [36mcatch[39m (error) {
    [31m[1m>[22m[39m[90m 143 |[39m             console[33m.[39merror([32m'[Cortex] Search error:'[39m[33m,[39m error)[33m;[39m
     [90m     |[39m                     [31m[1m^[22m[39m
     [90m 144 |[39m             res[33m.[39mstatus([35m500[39m)[33m.[39mjson({ error[33m:[39m error[33m.[39mmessage })[33m;[39m
     [90m 145 |[39m         }
     [90m 146 |[39m     })[33m;[39m[0m

      at backend/src/core/routes.js:143:21
      at Layer.handleRequest (node_modules/router/lib/layer.js:152:17)
      at next (node_modules/router/lib/route.js:157:13)
      at Route.dispatch (node_modules/router/lib/route.js:117:3)
      at handle (node_modules/router/index.js:435:11)
      at Layer.handleRequest (node_modules/router/lib/layer.js:152:17)
      at node_modules/router/index.js:295:15
      at processParams (node_modules/router/index.js:582:12)
      at next (node_modules/router/index.js:291:5)
      at authMiddleware (backend/tests/integration/ragPipeline.test.js:13:13)
      at Layer.handleRequest (node_modules/router/lib/layer.js:152:17)
      at trimPrefix (node_modules/router/index.js:342:13)
      at node_modules/router/index.js:297:9
      at processParams (node_modules/router/index.js:582:12)
      at next (node_modules/router/index.js:291:5)
      at serveStatic (node_modules/serve-static/index.js:74:16)
      at Layer.handleRequest (node_modules/router/lib/layer.js:152:17)
      at trimPrefix (node_modules/router/index.js:342:13)
      at node_modules/router/index.js:297:9
      at processParams (node_modules/router/index.js:582:12)
      at next (node_modules/router/index.js:291:5)
      at node_modules/body-parser/lib/read.js:171:5
      at invokeCallback (node_modules/raw-body/index.js:238:16)
      at done (node_modules/raw-body/index.js:227:7)
      at IncomingMessage.onEnd (node_modules/raw-body/index.js:287:7)

  console.log
    Skipping destructive teardown to prevent EPERM locks on Windows.

      at Object.<anonymous> (backend/tests/setup.js:32:17)

FAIL backend/tests/integration/ragPipeline.test.js
  Integration: RAG Pipeline + Storage API
    ΓêÜ should successfully upload and index a test PDF file (41 ms)
    ΓêÜ should verify document statistics are accurately updated (5 ms)
    ├ù should run a strictly-constrained semantic search query via generative RAG (41 ms)
    ├ù should securely defend against out-of-context hallucinations (10 ms)

  ΓùÅ Integration: RAG Pipeline + Storage API ΓÇ║ should run a strictly-constrained semantic search query via 
generative RAG

    expect(received).toBe(expected) // Object.is equality

    Expected: 200
    Received: 500

    [0m [90m 78 |[39m         console[33m.[39mlog([32m'Search Response Body:'[39m[33m,[39m 
response[33m.[39mbody)[33m;[39m
     [90m 79 |[39m
    [31m[1m>[22m[39m[90m 80 |[39m         
expect(response[33m.[39mstatus)[33m.[39mtoBe([35m200[39m)[33m;[39m
     [90m    |[39m                                 [31m[1m^[22m[39m
     [90m 81 |[39m         expect(response[33m.[39mbody[33m.[39mresults)[33m.[39mtoBeDefined()[33m;[39m
     [90m 82 |[39m
     [90m 83 |[39m         [90m// 1. Result Array Validation (Vector Search succeeded)[39m[0m

      at Object.<anonymous> (backend/tests/integration/ragPipeline.test.js:80:33)

  ΓùÅ Integration: RAG Pipeline + Storage API ΓÇ║ should securely defend against out-of-context hallucinations

    expect(received).toBe(expected) // Object.is equality

    Expected: 200
    Received: 500

    [0m [90m 105 |[39m             [33m.[39msend({ query[33m:[39m outOfBoundsQuery })[33m;[39m
     [90m 106 |[39m
    [31m[1m>[22m[39m[90m 107 |[39m         
expect(response[33m.[39mstatus)[33m.[39mtoBe([35m200[39m)[33m;[39m
     [90m     |[39m                                 [31m[1m^[22m[39m
     [90m 108 |[39m
     [90m 109 |[39m         [36mif[39m (response[33m.[39mbody[33m.[39msynthesizedAnswer) {
     [90m 110 |[39m             [36mconst[39m answer [33m=[39m 
response[33m.[39mbody[33m.[39msynthesizedAnswer[33m.[39mtoLowerCase()[33m;[39m[0m

      at Object.<anonymous> (backend/tests/integration/ragPipeline.test.js:107:33)

  console.log
    [StorageManager] Initializing production storage architecture...

      at StorageManager.initialize (backend/src/storage/storageManager.js:42:21)

  console.log
    [VectorStore] Connected to LanceDB at: C:\Users\surya\AppData\Local\Temp\cortex-test-1772473935417\vectors

      at initializeVectorStore (backend/src/storage/vectorStore.js:37:17)

  console.log
    [VectorStore] Creating new collection: embeddings_bge-small-v1

      at getOrCreateCollection (backend/src/storage/vectorStore.js:65:17)

  console.log
    [VectorStore] Active collection: embeddings_bge-small-v1

      at initializeVectorStore (backend/src/storage/vectorStore.js:41:17)

  console.log
    [StorageManager] Γ£ô Storage initialized

      at StorageManager.initialize (backend/src/storage/storageManager.js:60:21)

  console.log
    [StorageManager]   Device: device_ASUS_TUF_F15_win32

      at StorageManager.initialize (backend/src/storage/storageManager.js:61:21)

  console.log
    [StorageManager]   Embedding: bge-small-v1 (384D)

      at StorageManager.initialize (backend/src/storage/storageManager.js:62:21)

  console.log
    [Database] Migrating from v0 to v2...

      at runMigrations (backend/src/storage/dbInit.js:64:13)

  console.log
    [Database] Migration to v2 complete.

      at runMigrations (backend/src/storage/dbInit.js:204:13)

  console.log
    [Database] Initialized (schema v2)

      at initializeDatabase (backend/src/storage/dbInit.js:56:13)

  console.log
    [AIManager] Initializing AI systems...

      at AIManager.initialize (backend/src/ai/runtime/aiManager.js:44:17)

  console.log
    [HardwareDetector] Scanning available execution providers...

      at HardwareDetector.detect (backend/src/ai/runtime/hardwareDetector.js:23:17)

  console.log
    [HardwareDetector] Available providers: [ 'cpu' ]

      at HardwareDetector.detect (backend/src/ai/runtime/hardwareDetector.js:44:17)

  console.log
    [HardwareDetector] Detection complete: {
      provider: 'cpu',
      deviceName: '12th Gen Intel(R) Core(TM) i7-12700H (20 cores)',
      supportsFP16: false,
      supportsDirectML: false,
      supportsGPU: false,
      availableProviders: [ 'cpu' ],
      system: {
        platform: 'win32',
        arch: 'x64',
        cpus: 20,
        totalMemoryGB: 15.64,
        freeMemoryGB: 4.65
      }
    }

      at HardwareDetector.detect (backend/src/ai/runtime/hardwareDetector.js:91:17)

  console.log
    [AIManager] Hardware detection complete

      at AIManager.initialize (backend/src/ai/runtime/aiManager.js:48:17)

  console.log
    [BGERunner] Initializing BGE embedding model...

      at BGERunner.initialize (backend/src/ai/embeddings/bgeRunner.js:39:17)

  console.log
    [Tokenizer] Loading tokenizer from: C:\Users\surya\OneDrive\Desktop\Cortex\models\bge-small-en-v1.5\tokenizer.json

      at loadTokenizer (backend/src/ai/shared/tokenizer.js:125:17)

  console.log
    [BGERunner] Model size: 126.93 MB

      at BGERunner.initialize (backend/src/ai/embeddings/bgeRunner.js:54:17)

  console.log
    [SessionRegistry] Loading new session: bge-small-en-v1.5

      at SessionRegistry.getSession (backend/src/ai/runtime/sessionRegistry.js:46:17)

  console.log
    [SessionRegistry] Creating session with providers: dml, cpu

      at SessionRegistry._loadSession (backend/src/ai/runtime/sessionRegistry.js:77:17)

[0;93m2026-03-02 23:22:15.7369007 [W:onnxruntime:, session_state.cc:1327 onnxruntime::VerifyEachNodeIsAssignedToAnEp] 
Some nodes were not assigned to the preferred execution providers which may or may not have an negative impact on 
performance. e.g. ORT explicitly assigns shape related ops to CPU to improve perf.[m
[0;93m2026-03-02 23:22:15.7392571 [W:onnxruntime:, session_state.cc:1329 onnxruntime::VerifyEachNodeIsAssignedToAnEp] 
Rerunning with verbose output on a non-minimal build will show node assignments.[m
  console.log
    [SessionRegistry] Session loaded successfully in 509ms

      at SessionRegistry._loadSession (backend/src/ai/runtime/sessionRegistry.js:103:21)

  console.log
    [SessionRegistry] Active provider: cpu

      at SessionRegistry._loadSession (backend/src/ai/runtime/sessionRegistry.js:104:21)

  console.log
    [BGERunner] Initialized successfully using cpu

      at BGERunner.initialize (backend/src/ai/embeddings/bgeRunner.js:72:17)

  console.log
    [AIManager] Embeddings engine ready.

      at AIManager.initialize (backend/src/ai/runtime/aiManager.js:54:21)

  console.log
    [Indexer] Extracted 1 chunks from: Bulk Document Simulation Loop 0

      at indexDocument (backend/src/storage/indexer.js:67:17)
          at async Promise.all (index 0)

  console.log
    [Indexer] Document already indexed (hash: 98f9301491af2935d372a5e0627decbeea4ca97a1d24f3a91fbacec8f552d817)

      at indexDocument (backend/src/storage/indexer.js:54:21)
          at async Promise.all (index 1)

  console.log
    [Indexer] Document already indexed (hash: 98f9301491af2935d372a5e0627decbeea4ca97a1d24f3a91fbacec8f552d817)

      at indexDocument (backend/src/storage/indexer.js:54:21)
          at async Promise.all (index 2)

  console.log
    [Indexer] Document already indexed (hash: 98f9301491af2935d372a5e0627decbeea4ca97a1d24f3a91fbacec8f552d817)

      at indexDocument (backend/src/storage/indexer.js:54:21)
          at async Promise.all (index 3)

  console.log
    [Indexer] Document already indexed (hash: 98f9301491af2935d372a5e0627decbeea4ca97a1d24f3a91fbacec8f552d817)

      at indexDocument (backend/src/storage/indexer.js:54:21)
          at async Promise.all (index 4)

  console.log
    [Indexer] Document already indexed (hash: 98f9301491af2935d372a5e0627decbeea4ca97a1d24f3a91fbacec8f552d817)

      at indexDocument (backend/src/storage/indexer.js:54:21)
          at async Promise.all (index 5)

  console.log
    [Indexer] Document already indexed (hash: 98f9301491af2935d372a5e0627decbeea4ca97a1d24f3a91fbacec8f552d817)

      at indexDocument (backend/src/storage/indexer.js:54:21)
          at async Promise.all (index 6)

  console.log
    [Indexer] Document already indexed (hash: 98f9301491af2935d372a5e0627decbeea4ca97a1d24f3a91fbacec8f552d817)

      at indexDocument (backend/src/storage/indexer.js:54:21)
          at async Promise.all (index 8)

  console.log
    [Indexer] Document already indexed (hash: 98f9301491af2935d372a5e0627decbeea4ca97a1d24f3a91fbacec8f552d817)

      at indexDocument (backend/src/storage/indexer.js:54:21)
          at async Promise.all (index 7)

  console.log
    [Indexer] Document already indexed (hash: 98f9301491af2935d372a5e0627decbeea4ca97a1d24f3a91fbacec8f552d817)

      at indexDocument (backend/src/storage/indexer.js:54:21)
          at async Promise.all (index 9)

  console.log
    [Indexer] Document already indexed (hash: 98f9301491af2935d372a5e0627decbeea4ca97a1d24f3a91fbacec8f552d817)

      at indexDocument (backend/src/storage/indexer.js:54:21)
          at async Promise.all (index 10)

  console.log
    [Indexer] Document already indexed (hash: 98f9301491af2935d372a5e0627decbeea4ca97a1d24f3a91fbacec8f552d817)

      at indexDocument (backend/src/storage/indexer.js:54:21)
          at async Promise.all (index 11)

  console.log
    [Indexer] Document already indexed (hash: 98f9301491af2935d372a5e0627decbeea4ca97a1d24f3a91fbacec8f552d817)

      at indexDocument (backend/src/storage/indexer.js:54:21)
          at async Promise.all (index 12)

  console.log
    [Indexer] Document already indexed (hash: 98f9301491af2935d372a5e0627decbeea4ca97a1d24f3a91fbacec8f552d817)

      at indexDocument (backend/src/storage/indexer.js:54:21)
          at async Promise.all (index 14)

  console.log
    [Indexer] Document already indexed (hash: 98f9301491af2935d372a5e0627decbeea4ca97a1d24f3a91fbacec8f552d817)

      at indexDocument (backend/src/storage/indexer.js:54:21)
          at async Promise.all (index 13)

  console.log
    [Indexer] Document already indexed (hash: 98f9301491af2935d372a5e0627decbeea4ca97a1d24f3a91fbacec8f552d817)

      at indexDocument (backend/src/storage/indexer.js:54:21)
          at async Promise.all (index 15)

  console.log
    [Indexer] Document already indexed (hash: 98f9301491af2935d372a5e0627decbeea4ca97a1d24f3a91fbacec8f552d817)

      at indexDocument (backend/src/storage/indexer.js:54:21)
          at async Promise.all (index 16)

  console.error
    [Indexer] Failed to index document "Bulk Document Simulation Loop 0": TypeError: A float32 tensor's data must be type of function Float32Array() { [native code] }
        at new Tensor (C:\Users\surya\OneDrive\Desktop\Cortex\node_modules\onnxruntime-common\lib\tensor-impl.ts:272:19)
        at Immediate.<anonymous> (C:\Users\surya\OneDrive\Desktop\Cortex\node_modules\onnxruntime-node\lib\backend.ts:125:42)
        at processImmediate (node:internal/timers:504:21)

    [0m [90m 137 |[39m         }[33m;[39m
     [90m 138 |[39m     } [36mcatch[39m (error) {
    [31m[1m>[22m[39m[90m 139 |[39m         console[33m.[39merror([32m`[Indexer] Failed to index document "${title}":`[39m[33m,[39m error)[33m;[39m
     [90m     |[39m                 [31m[1m^[22m[39m
     [90m 140 |[39m         [36mreturn[39m {
     [90m 141 |[39m             success[33m:[39m [36mfalse[39m[33m,[39m
     [90m 142 |[39m             error[33m:[39m error[33m.[39mmessage[33m,[39m[0m

      at indexDocument (backend/src/storage/indexer.js:139:17)
      at StorageManager.indexDocument (backend/src/storage/storageManager.js:105:16)
          at async Promise.all (index 0)
      at Object.<anonymous> (backend/tests/stress/indexingStress.test.js:19:25)

  console.log
    [Indexer] Document already indexed (hash: 98f9301491af2935d372a5e0627decbeea4ca97a1d24f3a91fbacec8f552d817)

      at indexDocument (backend/src/storage/indexer.js:54:21)
          at async Promise.all (index 17)

  console.log
    [Indexer] Document already indexed (hash: 98f9301491af2935d372a5e0627decbeea4ca97a1d24f3a91fbacec8f552d817)

      at indexDocument (backend/src/storage/indexer.js:54:21)
          at async Promise.all (index 18)

  console.log
    [Indexer] Document already indexed (hash: 98f9301491af2935d372a5e0627decbeea4ca97a1d24f3a91fbacec8f552d817)

      at indexDocument (backend/src/storage/indexer.js:54:21)
          at async Promise.all (index 19)

  console.log
    Skipping destructive teardown to prevent EPERM locks on Windows.

      at Object.<anonymous> (backend/tests/setup.js:32:17)

FAIL backend/tests/stress/indexingStress.test.js
  Stress: Bulk Indexing Payload Queue
    ├ù should flawlessly index multiple document attachments concurrently without database locks (100 ms)

  ΓùÅ Stress: Bulk Indexing Payload Queue ΓÇ║ should flawlessly index multiple document attachments concurrently 
without database locks

    expect(received).toBe(expected) // Object.is equality

    Expected: 20
    Received: 38

    [0m [90m 23 |[39m         [36mconst[39m skipped [33m=[39m results[33m.[39mfilter(r [33m=>[39m 
r[33m.[39mskipped [33m===[39m [36mtrue[39m)[33m;[39m
     [90m 24 |[39m
    [31m[1m>[22m[39m[90m 25 |[39m         expect(successful[33m.[39mlength [33m+[39m 
skipped[33m.[39mlength)[33m.[39mtoBe([33mITERATIONS[39m)[33m;[39m
     [90m    |[39m                                                    [31m[1m^[22m[39m
     [90m 26 |[39m
     [90m 27 |[39m         [90m// Ensure no concurrent crashes[39m
     [90m 28 |[39m         [36mconst[39m errors [33m=[39m results[33m.[39mfilter(r [33m=>[39m 
r[33m.[39merror [33m!==[39m undefined)[33m;[39m[0m

      at Object.<anonymous> (backend/tests/stress/indexingStress.test.js:25:52)

  console.log
    [StorageManager] Initializing production storage architecture...

      at StorageManager.initialize (backend/src/storage/storageManager.js:42:21)

  console.log
    [VectorStore] Connected to LanceDB at: C:\Users\surya\AppData\Local\Temp\cortex-test-1772473936319\vectors

      at initializeVectorStore (backend/src/storage/vectorStore.js:37:17)

  console.log
    [VectorStore] Creating new collection: embeddings_bge-small-v1

      at getOrCreateCollection (backend/src/storage/vectorStore.js:65:17)

  console.log
    [VectorStore] Active collection: embeddings_bge-small-v1

      at initializeVectorStore (backend/src/storage/vectorStore.js:41:17)

  console.log
    [StorageManager] Γ£ô Storage initialized

      at StorageManager.initialize (backend/src/storage/storageManager.js:60:21)

  console.log
    [StorageManager]   Device: device_ASUS_TUF_F15_win32

      at StorageManager.initialize (backend/src/storage/storageManager.js:61:21)

  console.log
    [StorageManager]   Embedding: bge-small-v1 (384D)

      at StorageManager.initialize (backend/src/storage/storageManager.js:62:21)

  console.log
    [Database] Migrating from v0 to v2...

      at runMigrations (backend/src/storage/dbInit.js:64:13)

  console.log
    [Database] Migration to v2 complete.

      at runMigrations (backend/src/storage/dbInit.js:204:13)

  console.log
    [Database] Initialized (schema v2)

      at initializeDatabase (backend/src/storage/dbInit.js:56:13)

  console.log
    [AIManager] Initializing AI systems...

      at AIManager.initialize (backend/src/ai/runtime/aiManager.js:44:17)

  console.log
    [HardwareDetector] Scanning available execution providers...

      at HardwareDetector.detect (backend/src/ai/runtime/hardwareDetector.js:23:17)

  console.log
    [HardwareDetector] Available providers: [ 'cpu' ]

      at HardwareDetector.detect (backend/src/ai/runtime/hardwareDetector.js:44:17)

  console.log
    [HardwareDetector] Detection complete: {
      provider: 'cpu',
      deviceName: '12th Gen Intel(R) Core(TM) i7-12700H (20 cores)',
      supportsFP16: false,
      supportsDirectML: false,
      supportsGPU: false,
      availableProviders: [ 'cpu' ],
      system: {
        platform: 'win32',
        arch: 'x64',
        cpus: 20,
        totalMemoryGB: 15.64,
        freeMemoryGB: 4.37
      }
    }

      at HardwareDetector.detect (backend/src/ai/runtime/hardwareDetector.js:91:17)

  console.log
    [AIManager] Hardware detection complete

      at AIManager.initialize (backend/src/ai/runtime/aiManager.js:48:17)

  console.log
    [BGERunner] Initializing BGE embedding model...

      at BGERunner.initialize (backend/src/ai/embeddings/bgeRunner.js:39:17)

  console.log
    [Tokenizer] Loading tokenizer from: C:\Users\surya\OneDrive\Desktop\Cortex\models\bge-small-en-v1.5\tokenizer.json

      at loadTokenizer (backend/src/ai/shared/tokenizer.js:125:17)

  console.log
    [BGERunner] Model size: 126.93 MB

      at BGERunner.initialize (backend/src/ai/embeddings/bgeRunner.js:54:17)

  console.log
    [SessionRegistry] Loading new session: bge-small-en-v1.5

      at SessionRegistry.getSession (backend/src/ai/runtime/sessionRegistry.js:46:17)

  console.log
    [SessionRegistry] Creating session with providers: dml, cpu

      at SessionRegistry._loadSession (backend/src/ai/runtime/sessionRegistry.js:77:17)

[0;93m2026-03-02 23:22:16.5692327 [W:onnxruntime:, session_state.cc:1327 onnxruntime::VerifyEachNodeIsAssignedToAnEp] 
Some nodes were not assigned to the preferred execution providers which may or may not have an negative impact on 
performance. e.g. ORT explicitly assigns shape related ops to CPU to improve perf.[m
[0;93m2026-03-02 23:22:16.5887921 [W:onnxruntime:, session_state.cc:1329 onnxruntime::VerifyEachNodeIsAssignedToAnEp] 
Rerunning with verbose output on a non-minimal build will show node assignments.[m
  console.log
    [SessionRegistry] Session loaded successfully in 553ms

      at SessionRegistry._loadSession (backend/src/ai/runtime/sessionRegistry.js:103:21)

  console.log
    [SessionRegistry] Active provider: cpu

      at SessionRegistry._loadSession (backend/src/ai/runtime/sessionRegistry.js:104:21)

  console.log
    [BGERunner] Initialized successfully using cpu

      at BGERunner.initialize (backend/src/ai/embeddings/bgeRunner.js:72:17)

  console.log
    [AIManager] Embeddings engine ready.

      at AIManager.initialize (backend/src/ai/runtime/aiManager.js:54:21)

  console.log
    Skipping destructive teardown to prevent EPERM locks on Windows.

      at Object.<anonymous> (backend/tests/setup.js:32:17)

FAIL backend/tests/unit/dbWrapper.test.js
  Storage Layer: dbWrapper & Hash Utils
    ├ù should initialize successfully with SCHEMA_VERSION = 2 (1 ms)
    ΓêÜ should deterministically generate Chunk IDs
    ├ù should deduplicate documents successfully based on hash (1 ms)

  ΓùÅ Storage Layer: dbWrapper & Hash Utils ΓÇ║ should initialize successfully with SCHEMA_VERSION = 2

    expect(received).toBe(expected) // Object.is equality

    Expected: "v1.5"
    Received: undefined

    [0m [90m 13 |[39m         expect(stats)[33m.[39mtoBeDefined()[33m;[39m
     [90m 14 |[39m         [90m// Setup.js initialized it at phase 2D[39m
    [31m[1m>[22m[39m[90m 15 |[39m         
expect(stats[33m.[39membeddingVersion)[33m.[39mtoBe([32m'v1.5'[39m)[33m;[39m
     [90m    |[39m                                        [31m[1m^[22m[39m
     [90m 16 |[39m     })[33m;[39m
     [90m 17 |[39m
     [90m 18 |[39m     it([32m'should deterministically generate Chunk IDs'[39m[33m,[39m () [33m=>[39m {[0m

      at Object.<anonymous> (backend/tests/unit/dbWrapper.test.js:15:40)

  ΓùÅ Storage Layer: dbWrapper & Hash Utils ΓÇ║ should deduplicate documents successfully based on hash

    table documents has no column named processed


  console.log
    [StorageManager] Initializing production storage architecture...

      at StorageManager.initialize (backend/src/storage/storageManager.js:42:21)

  console.log
    [VectorStore] Connected to LanceDB at: C:\Users\surya\AppData\Local\Temp\cortex-test-1772473937131\vectors

      at initializeVectorStore (backend/src/storage/vectorStore.js:37:17)

  console.log
    [VectorStore] Creating new collection: embeddings_bge-small-v1

      at getOrCreateCollection (backend/src/storage/vectorStore.js:65:17)

  console.log
    [VectorStore] Active collection: embeddings_bge-small-v1

      at initializeVectorStore (backend/src/storage/vectorStore.js:41:17)

  console.log
    [StorageManager] Γ£ô Storage initialized

      at StorageManager.initialize (backend/src/storage/storageManager.js:60:21)

  console.log
    [StorageManager]   Device: device_ASUS_TUF_F15_win32

      at StorageManager.initialize (backend/src/storage/storageManager.js:61:21)

  console.log
    [StorageManager]   Embedding: bge-small-v1 (384D)

      at StorageManager.initialize (backend/src/storage/storageManager.js:62:21)

  console.log
    [Database] Migrating from v0 to v2...

      at runMigrations (backend/src/storage/dbInit.js:64:13)

  console.log
    [Database] Migration to v2 complete.

      at runMigrations (backend/src/storage/dbInit.js:204:13)

  console.log
    [Database] Initialized (schema v2)

      at initializeDatabase (backend/src/storage/dbInit.js:56:13)

  console.log
    [AIManager] Initializing AI systems...

      at AIManager.initialize (backend/src/ai/runtime/aiManager.js:44:17)

  console.log
    [HardwareDetector] Scanning available execution providers...

      at HardwareDetector.detect (backend/src/ai/runtime/hardwareDetector.js:23:17)

  console.log
    [HardwareDetector] Available providers: [ 'cpu' ]

      at HardwareDetector.detect (backend/src/ai/runtime/hardwareDetector.js:44:17)

  console.log
    [HardwareDetector] Detection complete: {
      provider: 'cpu',
      deviceName: '12th Gen Intel(R) Core(TM) i7-12700H (20 cores)',
      supportsFP16: false,
      supportsDirectML: false,
      supportsGPU: false,
      availableProviders: [ 'cpu' ],
      system: {
        platform: 'win32',
        arch: 'x64',
        cpus: 20,
        totalMemoryGB: 15.64,
        freeMemoryGB: 4.15
      }
    }

      at HardwareDetector.detect (backend/src/ai/runtime/hardwareDetector.js:91:17)

  console.log
    [AIManager] Hardware detection complete

      at AIManager.initialize (backend/src/ai/runtime/aiManager.js:48:17)

  console.log
    [BGERunner] Initializing BGE embedding model...

      at BGERunner.initialize (backend/src/ai/embeddings/bgeRunner.js:39:17)

  console.log
    [Tokenizer] Loading tokenizer from: C:\Users\surya\OneDrive\Desktop\Cortex\models\bge-small-en-v1.5\tokenizer.json

      at loadTokenizer (backend/src/ai/shared/tokenizer.js:125:17)

  console.log
    [BGERunner] Model size: 126.93 MB

      at BGERunner.initialize (backend/src/ai/embeddings/bgeRunner.js:54:17)

  console.log
    [SessionRegistry] Loading new session: bge-small-en-v1.5

      at SessionRegistry.getSession (backend/src/ai/runtime/sessionRegistry.js:46:17)

  console.log
    [SessionRegistry] Creating session with providers: dml, cpu

      at SessionRegistry._loadSession (backend/src/ai/runtime/sessionRegistry.js:77:17)

[0;93m2026-03-02 23:22:17.4302088 [W:onnxruntime:, session_state.cc:1327 onnxruntime::VerifyEachNodeIsAssignedToAnEp] 
Some nodes were not assigned to the preferred execution providers which may or may not have an negative impact on 
performance. e.g. ORT explicitly assigns shape related ops to CPU to improve perf.[m
[0;93m2026-03-02 23:22:17.4566883 [W:onnxruntime:, session_state.cc:1329 onnxruntime::VerifyEachNodeIsAssignedToAnEp] 
Rerunning with verbose output on a non-minimal build will show node assignments.[m
  console.log
    [SessionRegistry] Session loaded successfully in 527ms

      at SessionRegistry._loadSession (backend/src/ai/runtime/sessionRegistry.js:103:21)

  console.log
    [SessionRegistry] Active provider: cpu

      at SessionRegistry._loadSession (backend/src/ai/runtime/sessionRegistry.js:104:21)

  console.log
    [BGERunner] Initialized successfully using cpu

      at BGERunner.initialize (backend/src/ai/embeddings/bgeRunner.js:72:17)

  console.log
    [AIManager] Embeddings engine ready.

      at AIManager.initialize (backend/src/ai/runtime/aiManager.js:54:21)

  console.log
    Skipping destructive teardown to prevent EPERM locks on Windows.

      at Object.<anonymous> (backend/tests/setup.js:32:17)

FAIL backend/tests/integration/meshProtocol.test.js
  Integration: Mesh Protocol Data Sync
    ├ù should correctly process a simulated metadata exchange from a Peer
    ΓêÜ should safely reject payloads exceeding 2MB limits (Security Audit Spec) (1 ms)

  ΓùÅ Integration: Mesh Protocol Data Sync ΓÇ║ should correctly process a simulated metadata exchange from a Peer

    table peer_documents has no column named metadata


  console.log
    [StorageManager] Initializing production storage architecture...

      at StorageManager.initialize (backend/src/storage/storageManager.js:42:21)

  console.log
    [VectorStore] Connected to LanceDB at: C:\Users\surya\AppData\Local\Temp\cortex-test-1772473937897\vectors

      at initializeVectorStore (backend/src/storage/vectorStore.js:37:17)

  console.log
    [VectorStore] Creating new collection: embeddings_bge-small-v1

      at getOrCreateCollection (backend/src/storage/vectorStore.js:65:17)

  console.log
    [VectorStore] Active collection: embeddings_bge-small-v1

      at initializeVectorStore (backend/src/storage/vectorStore.js:41:17)

  console.log
    [StorageManager] Γ£ô Storage initialized

      at StorageManager.initialize (backend/src/storage/storageManager.js:60:21)

  console.log
    [StorageManager]   Device: device_ASUS_TUF_F15_win32

      at StorageManager.initialize (backend/src/storage/storageManager.js:61:21)

  console.log
    [StorageManager]   Embedding: bge-small-v1 (384D)

      at StorageManager.initialize (backend/src/storage/storageManager.js:62:21)

  console.log
    [Database] Migrating from v0 to v2...

      at runMigrations (backend/src/storage/dbInit.js:64:13)

  console.log
    [Database] Migration to v2 complete.

      at runMigrations (backend/src/storage/dbInit.js:204:13)

  console.log
    [Database] Initialized (schema v2)

      at initializeDatabase (backend/src/storage/dbInit.js:56:13)

  console.log
    [AIManager] Initializing AI systems...

      at AIManager.initialize (backend/src/ai/runtime/aiManager.js:44:17)

  console.log
    [HardwareDetector] Scanning available execution providers...

      at HardwareDetector.detect (backend/src/ai/runtime/hardwareDetector.js:23:17)

  console.log
    [HardwareDetector] Available providers: [ 'cpu' ]

      at HardwareDetector.detect (backend/src/ai/runtime/hardwareDetector.js:44:17)

  console.log
    [HardwareDetector] Detection complete: {
      provider: 'cpu',
      deviceName: '12th Gen Intel(R) Core(TM) i7-12700H (20 cores)',
      supportsFP16: false,
      supportsDirectML: false,
      supportsGPU: false,
      availableProviders: [ 'cpu' ],
      system: {
        platform: 'win32',
        arch: 'x64',
        cpus: 20,
        totalMemoryGB: 15.64,
        freeMemoryGB: 3.99
      }
    }

      at HardwareDetector.detect (backend/src/ai/runtime/hardwareDetector.js:91:17)

  console.log
    [AIManager] Hardware detection complete

      at AIManager.initialize (backend/src/ai/runtime/aiManager.js:48:17)

  console.log
    [BGERunner] Initializing BGE embedding model...

      at BGERunner.initialize (backend/src/ai/embeddings/bgeRunner.js:39:17)

  console.log
    [Tokenizer] Loading tokenizer from: C:\Users\surya\OneDrive\Desktop\Cortex\models\bge-small-en-v1.5\tokenizer.json

      at loadTokenizer (backend/src/ai/shared/tokenizer.js:125:17)

  console.log
    [BGERunner] Model size: 126.93 MB

      at BGERunner.initialize (backend/src/ai/embeddings/bgeRunner.js:54:17)

  console.log
    [SessionRegistry] Loading new session: bge-small-en-v1.5

      at SessionRegistry.getSession (backend/src/ai/runtime/sessionRegistry.js:46:17)

  console.log
    [SessionRegistry] Creating session with providers: dml, cpu

      at SessionRegistry._loadSession (backend/src/ai/runtime/sessionRegistry.js:77:17)

[0;93m2026-03-02 23:22:18.1936861 [W:onnxruntime:, session_state.cc:1327 onnxruntime::VerifyEachNodeIsAssignedToAnEp] 
Some nodes were not assigned to the preferred execution providers which may or may not have an negative impact on 
performance. e.g. ORT explicitly assigns shape related ops to CPU to improve perf.[m
[0;93m2026-03-02 23:22:18.2193465 [W:onnxruntime:, session_state.cc:1329 onnxruntime::VerifyEachNodeIsAssignedToAnEp] 
Rerunning with verbose output on a non-minimal build will show node assignments.[m
  console.log
    [SessionRegistry] Session loaded successfully in 520ms

      at SessionRegistry._loadSession (backend/src/ai/runtime/sessionRegistry.js:103:21)

  console.log
    [SessionRegistry] Active provider: cpu

      at SessionRegistry._loadSession (backend/src/ai/runtime/sessionRegistry.js:104:21)

  console.log
    [BGERunner] Initialized successfully using cpu

      at BGERunner.initialize (backend/src/ai/embeddings/bgeRunner.js:72:17)

  console.log
    [AIManager] Embeddings engine ready.

      at AIManager.initialize (backend/src/ai/runtime/aiManager.js:54:21)

  console.log
    Skipping destructive teardown to prevent EPERM locks on Windows.

      at Object.<anonymous> (backend/tests/setup.js:32:17)

FAIL backend/tests/integration/dbCorruption.test.js
  Integration: Database Corruption & Safe Recovery
    ├ù should cleanly rebuild missing tables if accidentally deleted
    ├ù should handle schema_version missing and fallback gracefully (1 ms)

  ΓùÅ Integration: Database Corruption & Safe Recovery ΓÇ║ should cleanly rebuild missing tables if accidentally 
deleted

    TypeError: db.close is not a function

    [0m [90m 17 |[39m
     [90m 18 |[39m         [90m// Close the connection explicitly[39m
    [31m[1m>[22m[39m[90m 19 |[39m         db[33m.[39mclose()[33m;[39m
     [90m    |[39m            [31m[1m^[22m[39m
     [90m 20 |[39m
     [90m 21 |[39m         [90m// Trigger the orchestrator's boot sequence again[39m
     [90m 22 |[39m         [36mawait[39m 
initializeDatabase(process[33m.[39menv[33m.[39m[33mTEST_DATA_DIR[39m)[33m;[39m[0m

      at Object.<anonymous> (backend/tests/integration/dbCorruption.test.js:19:12)

  ΓùÅ Integration: Database Corruption & Safe Recovery ΓÇ║ should handle schema_version missing and fallback gracefully

    TypeError: db.close is not a function

    [0m [90m 38 |[39m         db[33m.[39mdb[33m.[39mexec([32m`DROP TABLE IF EXISTS 
schema_version`[39m)[33m;[39m
     [90m 39 |[39m
    [31m[1m>[22m[39m[90m 40 |[39m         db[33m.[39mclose()[33m;[39m
     [90m    |[39m            [31m[1m^[22m[39m
     [90m 41 |[39m
     [90m 42 |[39m         [90m// Re-booting should detect missing schema_version and run standard v1 -> v2 
creation maps[39m
     [90m 43 |[39m         [36mawait[39m 
initializeDatabase(process[33m.[39menv[33m.[39m[33mTEST_DATA_DIR[39m)[33m;[39m[0m

      at Object.<anonymous> (backend/tests/integration/dbCorruption.test.js:40:12)

  console.log
    [StorageManager] Initializing production storage architecture...

      at StorageManager.initialize (backend/src/storage/storageManager.js:42:21)

  console.log
    [VectorStore] Connected to LanceDB at: C:\Users\surya\AppData\Local\Temp\cortex-test-1772473938683\vectors

      at initializeVectorStore (backend/src/storage/vectorStore.js:37:17)

  console.log
    [VectorStore] Creating new collection: embeddings_bge-small-v1

      at getOrCreateCollection (backend/src/storage/vectorStore.js:65:17)

  console.log
    [VectorStore] Active collection: embeddings_bge-small-v1

      at initializeVectorStore (backend/src/storage/vectorStore.js:41:17)

  console.log
    [StorageManager] Γ£ô Storage initialized

      at StorageManager.initialize (backend/src/storage/storageManager.js:60:21)

  console.log
    [StorageManager]   Device: device_ASUS_TUF_F15_win32

      at StorageManager.initialize (backend/src/storage/storageManager.js:61:21)

  console.log
    [StorageManager]   Embedding: bge-small-v1 (384D)

      at StorageManager.initialize (backend/src/storage/storageManager.js:62:21)

  console.log
    [Database] Migrating from v0 to v2...

      at runMigrations (backend/src/storage/dbInit.js:64:13)

  console.log
    [Database] Migration to v2 complete.

      at runMigrations (backend/src/storage/dbInit.js:204:13)

  console.log
    [Database] Initialized (schema v2)

      at initializeDatabase (backend/src/storage/dbInit.js:56:13)

  console.log
    [AIManager] Initializing AI systems...

      at AIManager.initialize (backend/src/ai/runtime/aiManager.js:44:17)

  console.log
    [HardwareDetector] Scanning available execution providers...

      at HardwareDetector.detect (backend/src/ai/runtime/hardwareDetector.js:23:17)

  console.log
    [HardwareDetector] Available providers: [ 'cpu' ]

      at HardwareDetector.detect (backend/src/ai/runtime/hardwareDetector.js:44:17)

  console.log
    [HardwareDetector] Detection complete: {
      provider: 'cpu',
      deviceName: '12th Gen Intel(R) Core(TM) i7-12700H (20 cores)',
      supportsFP16: false,
      supportsDirectML: false,
      supportsGPU: false,
      availableProviders: [ 'cpu' ],
      system: {
        platform: 'win32',
        arch: 'x64',
        cpus: 20,
        totalMemoryGB: 15.64,
        freeMemoryGB: 3.83
      }
    }

      at HardwareDetector.detect (backend/src/ai/runtime/hardwareDetector.js:91:17)

  console.log
    [AIManager] Hardware detection complete

      at AIManager.initialize (backend/src/ai/runtime/aiManager.js:48:17)

  console.log
    [BGERunner] Initializing BGE embedding model...

      at BGERunner.initialize (backend/src/ai/embeddings/bgeRunner.js:39:17)

  console.log
    [Tokenizer] Loading tokenizer from: C:\Users\surya\OneDrive\Desktop\Cortex\models\bge-small-en-v1.5\tokenizer.json

      at loadTokenizer (backend/src/ai/shared/tokenizer.js:125:17)

  console.log
    [BGERunner] Model size: 126.93 MB

      at BGERunner.initialize (backend/src/ai/embeddings/bgeRunner.js:54:17)

  console.log
    [SessionRegistry] Loading new session: bge-small-en-v1.5

      at SessionRegistry.getSession (backend/src/ai/runtime/sessionRegistry.js:46:17)

  console.log
    [SessionRegistry] Creating session with providers: dml, cpu

      at SessionRegistry._loadSession (backend/src/ai/runtime/sessionRegistry.js:77:17)

[0;93m2026-03-02 23:22:19.0759100 [W:onnxruntime:, session_state.cc:1327 onnxruntime::VerifyEachNodeIsAssignedToAnEp] 
Some nodes were not assigned to the preferred execution providers which may or may not have an negative impact on 
performance. e.g. ORT explicitly assigns shape related ops to CPU to improve perf.[m
[0;93m2026-03-02 23:22:19.1001756 [W:onnxruntime:, session_state.cc:1329 onnxruntime::VerifyEachNodeIsAssignedToAnEp] 
Rerunning with verbose output on a non-minimal build will show node assignments.[m
  console.log
    [SessionRegistry] Session loaded successfully in 519ms

      at SessionRegistry._loadSession (backend/src/ai/runtime/sessionRegistry.js:103:21)

  console.log
    [SessionRegistry] Active provider: cpu

      at SessionRegistry._loadSession (backend/src/ai/runtime/sessionRegistry.js:104:21)

  console.log
    [BGERunner] Initialized successfully using cpu

      at BGERunner.initialize (backend/src/ai/embeddings/bgeRunner.js:72:17)

  console.log
    [AIManager] Embeddings engine ready.

      at AIManager.initialize (backend/src/ai/runtime/aiManager.js:54:21)

  console.log
    Skipping destructive teardown to prevent EPERM locks on Windows.

      at Object.<anonymous> (backend/tests/setup.js:32:17)

PASS backend/tests/unit/authService.test.js
  Authentication Service
    ΓêÜ should successfully register a valid new user (71 ms)
    ΓêÜ should hash passwords via bcrypt (not plaintext)
    ΓêÜ should fail to register a duplicate email
    ΓêÜ should login successfully with correct credentials (59 ms)
    ΓêÜ should reject login with incorrect password (61 ms)
    ΓêÜ should reject login for non-existent users (1 ms)

  console.log
    [StorageManager] Initializing production storage architecture...

      at StorageManager.initialize (backend/src/storage/storageManager.js:42:21)

  console.log
    [VectorStore] Connected to LanceDB at: C:\Users\surya\AppData\Local\Temp\cortex-test-1772473939728\vectors

      at initializeVectorStore (backend/src/storage/vectorStore.js:37:17)

  console.log
    [VectorStore] Creating new collection: embeddings_bge-small-v1

      at getOrCreateCollection (backend/src/storage/vectorStore.js:65:17)

  console.log
    [VectorStore] Active collection: embeddings_bge-small-v1

      at initializeVectorStore (backend/src/storage/vectorStore.js:41:17)

  console.log
    [StorageManager] Γ£ô Storage initialized

      at StorageManager.initialize (backend/src/storage/storageManager.js:60:21)

  console.log
    [StorageManager]   Device: device_ASUS_TUF_F15_win32

      at StorageManager.initialize (backend/src/storage/storageManager.js:61:21)

  console.log
    [StorageManager]   Embedding: bge-small-v1 (384D)

      at StorageManager.initialize (backend/src/storage/storageManager.js:62:21)

  console.log
    [Database] Migrating from v0 to v2...

      at runMigrations (backend/src/storage/dbInit.js:64:13)

  console.log
    [Database] Migration to v2 complete.

      at runMigrations (backend/src/storage/dbInit.js:204:13)

  console.log
    [Database] Initialized (schema v2)

      at initializeDatabase (backend/src/storage/dbInit.js:56:13)

  console.log
    [AIManager] Initializing AI systems...

      at AIManager.initialize (backend/src/ai/runtime/aiManager.js:44:17)

  console.log
    [HardwareDetector] Scanning available execution providers...

      at HardwareDetector.detect (backend/src/ai/runtime/hardwareDetector.js:23:17)

  console.log
    [HardwareDetector] Available providers: [ 'cpu' ]

      at HardwareDetector.detect (backend/src/ai/runtime/hardwareDetector.js:44:17)

  console.log
    [HardwareDetector] Detection complete: {
      provider: 'cpu',
      deviceName: '12th Gen Intel(R) Core(TM) i7-12700H (20 cores)',
      supportsFP16: false,
      supportsDirectML: false,
      supportsGPU: false,
      availableProviders: [ 'cpu' ],
      system: {
        platform: 'win32',
        arch: 'x64',
        cpus: 20,
        totalMemoryGB: 15.64,
        freeMemoryGB: 3.64
      }
    }

      at HardwareDetector.detect (backend/src/ai/runtime/hardwareDetector.js:91:17)

  console.log
    [AIManager] Hardware detection complete

      at AIManager.initialize (backend/src/ai/runtime/aiManager.js:48:17)

  console.log
    [BGERunner] Initializing BGE embedding model...

      at BGERunner.initialize (backend/src/ai/embeddings/bgeRunner.js:39:17)

  console.log
    [Tokenizer] Loading tokenizer from: C:\Users\surya\OneDrive\Desktop\Cortex\models\bge-small-en-v1.5\tokenizer.json

      at loadTokenizer (backend/src/ai/shared/tokenizer.js:125:17)

  console.log
    [BGERunner] Model size: 126.93 MB

      at BGERunner.initialize (backend/src/ai/embeddings/bgeRunner.js:54:17)

  console.log
    [SessionRegistry] Loading new session: bge-small-en-v1.5

      at SessionRegistry.getSession (backend/src/ai/runtime/sessionRegistry.js:46:17)

  console.log
    [SessionRegistry] Creating session with providers: dml, cpu

      at SessionRegistry._loadSession (backend/src/ai/runtime/sessionRegistry.js:77:17)

[0;93m2026-03-02 23:22:20.1377362 [W:onnxruntime:, session_state.cc:1327 onnxruntime::VerifyEachNodeIsAssignedToAnEp] 
Some nodes were not assigned to the preferred execution providers which may or may not have an negative impact on 
performance. e.g. ORT explicitly assigns shape related ops to CPU to improve perf.[m
[0;93m2026-03-02 23:22:20.2006059 [W:onnxruntime:, session_state.cc:1329 onnxruntime::VerifyEachNodeIsAssignedToAnEp] 
Rerunning with verbose output on a non-minimal build will show node assignments.[m
  console.log
    [SessionRegistry] Session loaded successfully in 658ms

      at SessionRegistry._loadSession (backend/src/ai/runtime/sessionRegistry.js:103:21)

  console.log
    [SessionRegistry] Active provider: cpu

      at SessionRegistry._loadSession (backend/src/ai/runtime/sessionRegistry.js:104:21)

  console.log
    [BGERunner] Initialized successfully using cpu

      at BGERunner.initialize (backend/src/ai/embeddings/bgeRunner.js:72:17)

  console.log
    [AIManager] Embeddings engine ready.

      at AIManager.initialize (backend/src/ai/runtime/aiManager.js:54:21)

  console.log
    Skipping destructive teardown to prevent EPERM locks on Windows.

      at Object.<anonymous> (backend/tests/setup.js:32:17)

PASS backend/tests/security/authSecurity.test.js
  Security: SQL Injection & Auth Bounds
    ΓêÜ should totally resist classic SQLite SQL Injection vectors on Login (1 ms)
    ΓêÜ should prevent auth bypasses via NoSQL-style object injection

  console.log
    [StorageManager] Initializing production storage architecture...

      at StorageManager.initialize (backend/src/storage/storageManager.js:42:21)

  console.log
    [VectorStore] Connected to LanceDB at: C:\Users\surya\AppData\Local\Temp\cortex-test-1772473940706\vectors

      at initializeVectorStore (backend/src/storage/vectorStore.js:37:17)

  console.log
    [VectorStore] Creating new collection: embeddings_bge-small-v1

      at getOrCreateCollection (backend/src/storage/vectorStore.js:65:17)

  console.log
    [VectorStore] Active collection: embeddings_bge-small-v1

      at initializeVectorStore (backend/src/storage/vectorStore.js:41:17)

  console.log
    [StorageManager] Γ£ô Storage initialized

      at StorageManager.initialize (backend/src/storage/storageManager.js:60:21)

  console.log
    [StorageManager]   Device: device_ASUS_TUF_F15_win32

      at StorageManager.initialize (backend/src/storage/storageManager.js:61:21)

  console.log
    [StorageManager]   Embedding: bge-small-v1 (384D)

      at StorageManager.initialize (backend/src/storage/storageManager.js:62:21)

  console.log
    [Database] Migrating from v0 to v2...

      at runMigrations (backend/src/storage/dbInit.js:64:13)

  console.log
    [Database] Migration to v2 complete.

      at runMigrations (backend/src/storage/dbInit.js:204:13)

  console.log
    [Database] Initialized (schema v2)

      at initializeDatabase (backend/src/storage/dbInit.js:56:13)

  console.log
    [AIManager] Initializing AI systems...

      at AIManager.initialize (backend/src/ai/runtime/aiManager.js:44:17)

  console.log
    [HardwareDetector] Scanning available execution providers...

      at HardwareDetector.detect (backend/src/ai/runtime/hardwareDetector.js:23:17)

  console.log
    [HardwareDetector] Available providers: [ 'cpu' ]

      at HardwareDetector.detect (backend/src/ai/runtime/hardwareDetector.js:44:17)

  console.log
    [HardwareDetector] Detection complete: {
      provider: 'cpu',
      deviceName: '12th Gen Intel(R) Core(TM) i7-12700H (20 cores)',
      supportsFP16: false,
      supportsDirectML: false,
      supportsGPU: false,
      availableProviders: [ 'cpu' ],
      system: {
        platform: 'win32',
        arch: 'x64',
        cpus: 20,
        totalMemoryGB: 15.64,
        freeMemoryGB: 3.5
      }
    }

      at HardwareDetector.detect (backend/src/ai/runtime/hardwareDetector.js:91:17)

  console.log
    [AIManager] Hardware detection complete

      at AIManager.initialize (backend/src/ai/runtime/aiManager.js:48:17)

  console.log
    [BGERunner] Initializing BGE embedding model...

      at BGERunner.initialize (backend/src/ai/embeddings/bgeRunner.js:39:17)

  console.log
    [Tokenizer] Loading tokenizer from: C:\Users\surya\OneDrive\Desktop\Cortex\models\bge-small-en-v1.5\tokenizer.json

      at loadTokenizer (backend/src/ai/shared/tokenizer.js:125:17)

  console.log
    [BGERunner] Model size: 126.93 MB

      at BGERunner.initialize (backend/src/ai/embeddings/bgeRunner.js:54:17)

  console.log
    [SessionRegistry] Loading new session: bge-small-en-v1.5

      at SessionRegistry.getSession (backend/src/ai/runtime/sessionRegistry.js:46:17)

  console.log
    [SessionRegistry] Creating session with providers: dml, cpu

      at SessionRegistry._loadSession (backend/src/ai/runtime/sessionRegistry.js:77:17)

[0;93m2026-03-02 23:22:21.0677106 [W:onnxruntime:, session_state.cc:1327 onnxruntime::VerifyEachNodeIsAssignedToAnEp] 
Some nodes were not assigned to the preferred execution providers which may or may not have an negative impact on 
performance. e.g. ORT explicitly assigns shape related ops to CPU to improve perf.[m
[0;93m2026-03-02 23:22:21.0844982 [W:onnxruntime:, session_state.cc:1329 onnxruntime::VerifyEachNodeIsAssignedToAnEp] 
Rerunning with verbose output on a non-minimal build will show node assignments.[m
  console.log
    [SessionRegistry] Session loaded successfully in 559ms

      at SessionRegistry._loadSession (backend/src/ai/runtime/sessionRegistry.js:103:21)

  console.log
    [SessionRegistry] Active provider: cpu

      at SessionRegistry._loadSession (backend/src/ai/runtime/sessionRegistry.js:104:21)

  console.log
    [BGERunner] Initialized successfully using cpu

      at BGERunner.initialize (backend/src/ai/embeddings/bgeRunner.js:72:17)

  console.log
    [AIManager] Embeddings engine ready.

      at AIManager.initialize (backend/src/ai/runtime/aiManager.js:54:21)

  console.log
    Skipping destructive teardown to prevent EPERM locks on Windows.

      at Object.<anonymous> (backend/tests/setup.js:32:17)

PASS backend/tests/security/ragSecurity.test.js
  Security: RAG Prompt Injection Defence
    ΓêÜ should strictly sanitize ChatML structural characters from Malicious Document bodies (1 ms)

  console.log
    [StorageManager] Initializing production storage architecture...

      at StorageManager.initialize (backend/src/storage/storageManager.js:42:21)

  console.log
    [VectorStore] Connected to LanceDB at: C:\Users\surya\AppData\Local\Temp\cortex-test-1772473941552\vectors

      at initializeVectorStore (backend/src/storage/vectorStore.js:37:17)

  console.log
    [VectorStore] Creating new collection: embeddings_bge-small-v1

      at getOrCreateCollection (backend/src/storage/vectorStore.js:65:17)

  console.log
    [VectorStore] Active collection: embeddings_bge-small-v1

      at initializeVectorStore (backend/src/storage/vectorStore.js:41:17)

  console.log
    [StorageManager] Γ£ô Storage initialized

      at StorageManager.initialize (backend/src/storage/storageManager.js:60:21)

  console.log
    [StorageManager]   Device: device_ASUS_TUF_F15_win32

      at StorageManager.initialize (backend/src/storage/storageManager.js:61:21)

  console.log
    [StorageManager]   Embedding: bge-small-v1 (384D)

      at StorageManager.initialize (backend/src/storage/storageManager.js:62:21)

  console.log
    [Database] Migrating from v0 to v2...

      at runMigrations (backend/src/storage/dbInit.js:64:13)

  console.log
    [Database] Migration to v2 complete.

      at runMigrations (backend/src/storage/dbInit.js:204:13)

  console.log
    [Database] Initialized (schema v2)

      at initializeDatabase (backend/src/storage/dbInit.js:56:13)

  console.log
    [AIManager] Initializing AI systems...

      at AIManager.initialize (backend/src/ai/runtime/aiManager.js:44:17)

  console.log
    [HardwareDetector] Scanning available execution providers...

      at HardwareDetector.detect (backend/src/ai/runtime/hardwareDetector.js:23:17)

  console.log
    [HardwareDetector] Available providers: [ 'cpu' ]

      at HardwareDetector.detect (backend/src/ai/runtime/hardwareDetector.js:44:17)

  console.log
    [HardwareDetector] Detection complete: {
      provider: 'cpu',
      deviceName: '12th Gen Intel(R) Core(TM) i7-12700H (20 cores)',
      supportsFP16: false,
      supportsDirectML: false,
      supportsGPU: false,
      availableProviders: [ 'cpu' ],
      system: {
        platform: 'win32',
        arch: 'x64',
        cpus: 20,
        totalMemoryGB: 15.64,
        freeMemoryGB: 3.3
      }
    }

      at HardwareDetector.detect (backend/src/ai/runtime/hardwareDetector.js:91:17)

  console.log
    [AIManager] Hardware detection complete

      at AIManager.initialize (backend/src/ai/runtime/aiManager.js:48:17)

  console.log
    [BGERunner] Initializing BGE embedding model...

      at BGERunner.initialize (backend/src/ai/embeddings/bgeRunner.js:39:17)

  console.log
    [Tokenizer] Loading tokenizer from: C:\Users\surya\OneDrive\Desktop\Cortex\models\bge-small-en-v1.5\tokenizer.json

      at loadTokenizer (backend/src/ai/shared/tokenizer.js:125:17)

  console.log
    [BGERunner] Model size: 126.93 MB

      at BGERunner.initialize (backend/src/ai/embeddings/bgeRunner.js:54:17)

  console.log
    [SessionRegistry] Loading new session: bge-small-en-v1.5

      at SessionRegistry.getSession (backend/src/ai/runtime/sessionRegistry.js:46:17)

  console.log
    [SessionRegistry] Creating session with providers: dml, cpu

      at SessionRegistry._loadSession (backend/src/ai/runtime/sessionRegistry.js:77:17)

[0;93m2026-03-02 23:22:21.8895614 [W:onnxruntime:, session_state.cc:1327 onnxruntime::VerifyEachNodeIsAssignedToAnEp] 
Some nodes were not assigned to the preferred execution providers which may or may not have an negative impact on 
performance. e.g. ORT explicitly assigns shape related ops to CPU to improve perf.[m
[0;93m2026-03-02 23:22:21.9325626 [W:onnxruntime:, session_state.cc:1329 onnxruntime::VerifyEachNodeIsAssignedToAnEp] 
Rerunning with verbose output on a non-minimal build will show node assignments.[m
  console.log
    [SessionRegistry] Session loaded successfully in 649ms

      at SessionRegistry._loadSession (backend/src/ai/runtime/sessionRegistry.js:103:21)

  console.log
    [SessionRegistry] Active provider: cpu

      at SessionRegistry._loadSession (backend/src/ai/runtime/sessionRegistry.js:104:21)

  console.log
    [BGERunner] Initialized successfully using cpu

      at BGERunner.initialize (backend/src/ai/embeddings/bgeRunner.js:72:17)

  console.log
    [AIManager] Embeddings engine ready.

      at AIManager.initialize (backend/src/ai/runtime/aiManager.js:54:21)

  console.warn
    Skipping Memory Leak snapshot - run Jest with --expose-gc enabled

    [0m [90m 4 |[39m     it([32m'should flag memory explosion (Memory Detection hook via --expose-gc)'[39m[33m,[39m () [33m=>[39m {
     [90m 5 |[39m         [36mif[39m ([33m![39mglobal[33m.[39mgc) {
    [31m[1m>[22m[39m[90m 6 |[39m             console[33m.[39mwarn([32m'Skipping Memory Leak snapshot - run Jest with --expose-gc enabled'[39m)[33m;[39m
     [90m   |[39m                     [31m[1m^[22m[39m
     [90m 7 |[39m             [36mreturn[39m[33m;[39m
     [90m 8 |[39m         }
     [90m 9 |[39m[0m

      at Object.<anonymous> (backend/tests/stress/memorySnapshots.test.js:6:21)

  console.log
    Skipping destructive teardown to prevent EPERM locks on Windows.

      at Object.<anonymous> (backend/tests/setup.js:32:17)

PASS backend/tests/stress/memorySnapshots.test.js
  Snapshot & Regression Analysis
    ΓêÜ should flag memory explosion (Memory Detection hook via --expose-gc) (2 ms)

  console.log
    [StorageManager] Initializing production storage architecture...

      at StorageManager.initialize (backend/src/storage/storageManager.js:42:21)

  console.log
    [VectorStore] Connected to LanceDB at: C:\Users\surya\AppData\Local\Temp\cortex-test-1772473942479\vectors

      at initializeVectorStore (backend/src/storage/vectorStore.js:37:17)

  console.log
    [VectorStore] Creating new collection: embeddings_bge-small-v1

      at getOrCreateCollection (backend/src/storage/vectorStore.js:65:17)

  console.log
    [VectorStore] Active collection: embeddings_bge-small-v1

      at initializeVectorStore (backend/src/storage/vectorStore.js:41:17)

  console.log
    [StorageManager] Γ£ô Storage initialized

      at StorageManager.initialize (backend/src/storage/storageManager.js:60:21)

  console.log
    [StorageManager]   Device: device_ASUS_TUF_F15_win32

      at StorageManager.initialize (backend/src/storage/storageManager.js:61:21)

  console.log
    [StorageManager]   Embedding: bge-small-v1 (384D)

      at StorageManager.initialize (backend/src/storage/storageManager.js:62:21)

  console.log
    [Database] Migrating from v0 to v2...

      at runMigrations (backend/src/storage/dbInit.js:64:13)

  console.log
    [Database] Migration to v2 complete.

      at runMigrations (backend/src/storage/dbInit.js:204:13)

  console.log
    [Database] Initialized (schema v2)

      at initializeDatabase (backend/src/storage/dbInit.js:56:13)

  console.log
    [AIManager] Initializing AI systems...

      at AIManager.initialize (backend/src/ai/runtime/aiManager.js:44:17)

  console.log
    [HardwareDetector] Scanning available execution providers...

      at HardwareDetector.detect (backend/src/ai/runtime/hardwareDetector.js:23:17)

  console.log
    [HardwareDetector] Available providers: [ 'cpu' ]

      at HardwareDetector.detect (backend/src/ai/runtime/hardwareDetector.js:44:17)

  console.log
    [HardwareDetector] Detection complete: {
      provider: 'cpu',
      deviceName: '12th Gen Intel(R) Core(TM) i7-12700H (20 cores)',
      supportsFP16: false,
      supportsDirectML: false,
      supportsGPU: false,
      availableProviders: [ 'cpu' ],
      system: {
        platform: 'win32',
        arch: 'x64',
        cpus: 20,
        totalMemoryGB: 15.64,
        freeMemoryGB: 3.11
      }
    }

      at HardwareDetector.detect (backend/src/ai/runtime/hardwareDetector.js:91:17)

  console.log
    [AIManager] Hardware detection complete

      at AIManager.initialize (backend/src/ai/runtime/aiManager.js:48:17)

  console.log
    [BGERunner] Initializing BGE embedding model...

      at BGERunner.initialize (backend/src/ai/embeddings/bgeRunner.js:39:17)

  console.log
    [Tokenizer] Loading tokenizer from: C:\Users\surya\OneDrive\Desktop\Cortex\models\bge-small-en-v1.5\tokenizer.json

      at loadTokenizer (backend/src/ai/shared/tokenizer.js:125:17)

  console.log
    [BGERunner] Model size: 126.93 MB

      at BGERunner.initialize (backend/src/ai/embeddings/bgeRunner.js:54:17)

  console.log
    [SessionRegistry] Loading new session: bge-small-en-v1.5

      at SessionRegistry.getSession (backend/src/ai/runtime/sessionRegistry.js:46:17)

  console.log
    [SessionRegistry] Creating session with providers: dml, cpu

      at SessionRegistry._loadSession (backend/src/ai/runtime/sessionRegistry.js:77:17)

[0;93m2026-03-02 23:22:22.8194815 [W:onnxruntime:, session_state.cc:1327 onnxruntime::VerifyEachNodeIsAssignedToAnEp] 
Some nodes were not assigned to the preferred execution providers which may or may not have an negative impact on 
performance. e.g. ORT explicitly assigns shape related ops to CPU to improve perf.[m
[0;93m2026-03-02 23:22:22.8529430 [W:onnxruntime:, session_state.cc:1329 onnxruntime::VerifyEachNodeIsAssignedToAnEp] 
Rerunning with verbose output on a non-minimal build will show node assignments.[m
  console.log
    [SessionRegistry] Session loaded successfully in 671ms

      at SessionRegistry._loadSession (backend/src/ai/runtime/sessionRegistry.js:103:21)

  console.log
    [SessionRegistry] Active provider: cpu

      at SessionRegistry._loadSession (backend/src/ai/runtime/sessionRegistry.js:104:21)

  console.log
    [BGERunner] Initialized successfully using cpu

      at BGERunner.initialize (backend/src/ai/embeddings/bgeRunner.js:72:17)

  console.log
    [AIManager] Embeddings engine ready.

      at AIManager.initialize (backend/src/ai/runtime/aiManager.js:54:21)

  console.log
    Skipping destructive teardown to prevent EPERM locks on Windows.

      at Object.<anonymous> (backend/tests/setup.js:32:17)

PASS backend/tests/unit/promptBuilder.test.js
  AI Runtime: promptBuilder
    ΓêÜ should build a prompt containing context and query
    ΓêÜ should handle zero context gracefully (1 ms)
    ΓêÜ should sanitize prompt injection attempts (stray boundary tokens)

  console.log
    [StorageManager] Initializing production storage architecture...

      at StorageManager.initialize (backend/src/storage/storageManager.js:42:21)

  console.log
    [VectorStore] Connected to LanceDB at: C:\Users\surya\AppData\Local\Temp\cortex-test-1772473943392\vectors

      at initializeVectorStore (backend/src/storage/vectorStore.js:37:17)

  console.log
    [VectorStore] Creating new collection: embeddings_bge-small-v1

      at getOrCreateCollection (backend/src/storage/vectorStore.js:65:17)

  console.log
    [VectorStore] Active collection: embeddings_bge-small-v1

      at initializeVectorStore (backend/src/storage/vectorStore.js:41:17)

  console.log
    [StorageManager] Γ£ô Storage initialized

      at StorageManager.initialize (backend/src/storage/storageManager.js:60:21)

  console.log
    [StorageManager]   Device: device_ASUS_TUF_F15_win32

      at StorageManager.initialize (backend/src/storage/storageManager.js:61:21)

  console.log
    [StorageManager]   Embedding: bge-small-v1 (384D)

      at StorageManager.initialize (backend/src/storage/storageManager.js:62:21)

  console.log
    [Database] Migrating from v0 to v2...

      at runMigrations (backend/src/storage/dbInit.js:64:13)

  console.log
    [Database] Migration to v2 complete.

      at runMigrations (backend/src/storage/dbInit.js:204:13)

  console.log
    [Database] Initialized (schema v2)

      at initializeDatabase (backend/src/storage/dbInit.js:56:13)

  console.log
    [AIManager] Initializing AI systems...

      at AIManager.initialize (backend/src/ai/runtime/aiManager.js:44:17)

  console.log
    [HardwareDetector] Scanning available execution providers...

      at HardwareDetector.detect (backend/src/ai/runtime/hardwareDetector.js:23:17)

  console.log
    [HardwareDetector] Available providers: [ 'cpu' ]

      at HardwareDetector.detect (backend/src/ai/runtime/hardwareDetector.js:44:17)

  console.log
    [HardwareDetector] Detection complete: {
      provider: 'cpu',
      deviceName: '12th Gen Intel(R) Core(TM) i7-12700H (20 cores)',
      supportsFP16: false,
      supportsDirectML: false,
      supportsGPU: false,
      availableProviders: [ 'cpu' ],
      system: {
        platform: 'win32',
        arch: 'x64',
        cpus: 20,
        totalMemoryGB: 15.64,
        freeMemoryGB: 3.01
      }
    }

      at HardwareDetector.detect (backend/src/ai/runtime/hardwareDetector.js:91:17)

  console.log
    [AIManager] Hardware detection complete

      at AIManager.initialize (backend/src/ai/runtime/aiManager.js:48:17)

  console.log
    [BGERunner] Initializing BGE embedding model...

      at BGERunner.initialize (backend/src/ai/embeddings/bgeRunner.js:39:17)

  console.log
    [Tokenizer] Loading tokenizer from: C:\Users\surya\OneDrive\Desktop\Cortex\models\bge-small-en-v1.5\tokenizer.json

      at loadTokenizer (backend/src/ai/shared/tokenizer.js:125:17)

  console.log
    [BGERunner] Model size: 126.93 MB

      at BGERunner.initialize (backend/src/ai/embeddings/bgeRunner.js:54:17)

  console.log
    [SessionRegistry] Loading new session: bge-small-en-v1.5

      at SessionRegistry.getSession (backend/src/ai/runtime/sessionRegistry.js:46:17)

  console.log
    [SessionRegistry] Creating session with providers: dml, cpu

      at SessionRegistry._loadSession (backend/src/ai/runtime/sessionRegistry.js:77:17)

[0;93m2026-03-02 23:22:23.7660641 [W:onnxruntime:, session_state.cc:1327 onnxruntime::VerifyEachNodeIsAssignedToAnEp] 
Some nodes were not assigned to the preferred execution providers which may or may not have an negative impact on 
performance. e.g. ORT explicitly assigns shape related ops to CPU to improve perf.[m
[0;93m2026-03-02 23:22:23.7853386 [W:onnxruntime:, session_state.cc:1329 onnxruntime::VerifyEachNodeIsAssignedToAnEp] 
Rerunning with verbose output on a non-minimal build will show node assignments.[m
  console.log
    [SessionRegistry] Session loaded successfully in 613ms

      at SessionRegistry._loadSession (backend/src/ai/runtime/sessionRegistry.js:103:21)

  console.log
    [SessionRegistry] Active provider: cpu

      at SessionRegistry._loadSession (backend/src/ai/runtime/sessionRegistry.js:104:21)

  console.log
    [BGERunner] Initialized successfully using cpu

      at BGERunner.initialize (backend/src/ai/embeddings/bgeRunner.js:72:17)

  console.log
    [AIManager] Embeddings engine ready.

      at AIManager.initialize (backend/src/ai/runtime/aiManager.js:54:21)

  console.log
    [RAG Stress] Heap Delta after 5 generative cycles: 0.32 MB

      at Object.<anonymous> (backend/tests/stress/ragStress.test.js:40:17)

  console.log
    Skipping destructive teardown to prevent EPERM locks on Windows.

      at Object.<anonymous> (backend/tests/setup.js:32:17)

PASS backend/tests/stress/ragStress.test.js
  Stress: RAG Generation Memory Bounds
    ΓêÜ should maintain stable heap size across multiple sequential RAG completions (2 ms)

Test Suites: 5 failed, 6 passed, 11 total
Tests:       8 failed, 18 passed, 26 total
Snapshots:   0 total
Time:        10.55 s, estimated 13 s
Ran all test suites.
